#-----------------------------------------------------------
# Vivado v2021.2.1 (64-bit)
# SW Build 3414424 on Sun Dec 19 10:57:22 MST 2021
# IP Build 3405791 on Sun Dec 19 15:54:35 MST 2021
# Start of session at: Wed May 25 12:49:23 2022
# Process ID: 19912
# Current directory: C:/Users/NextLife/Desktop/fpga_projects/microblaze_server/microblaze_server.runs/system_rst_mig_7series_0_83M_0_synth_1
# Command line: vivado.exe -log system_rst_mig_7series_0_83M_0.vds -product Vivado -mode batch -messageDb vivado.pb -notrace -source system_rst_mig_7series_0_83M_0.tcl
# Log file: C:/Users/NextLife/Desktop/fpga_projects/microblaze_server/microblaze_server.runs/system_rst_mig_7series_0_83M_0_synth_1/system_rst_mig_7series_0_83M_0.vds
# Journal file: C:/Users/NextLife/Desktop/fpga_projects/microblaze_server/microblaze_server.runs/system_rst_mig_7series_0_83M_0_synth_1\vivado.jou
# Running On: DESKTOP-5R2NN9R, OS: Windows, CPU Frequency: 3504 MHz, CPU Physical cores: 4, Host memory: 17137 MB
#-----------------------------------------------------------
source system_rst_mig_7series_0_83M_0.tcl -notrace
